
> feat-consulting-landing@0.0.0 build
> tsc -b && vite build

src/components/mobile/Services.tsx(3,1): error TS6133: 'ScrollRevealItem' is declared but its value is never read.
src/components/mobile/Services.tsx(5,1): error TS6133: 'icon1' is declared but its value is never read.
src/components/mobile/Services.tsx(6,1): error TS6133: 'icon2' is declared but its value is never read.
src/components/mobile/Services.tsx(7,1): error TS6133: 'icon3' is declared but its value is never read.
src/components/mobile/Services.tsx(244,13): error TS2322: Type 'HTMLElement | null' is not assignable to type 'null'.
  Type 'HTMLElement' is not assignable to type 'null'.
src/components/mobile/Services.tsx(314,28): error TS2322: Type 'HTMLDivElement | null' is not assignable to type 'null'.
  Type 'HTMLDivElement' is not assignable to type 'null'.
